uv run python -m seed.reset
INFO  [alembic.runtime.migration] Context impl PostgresqlImpl.
INFO  [alembic.runtime.migration] Will assume transactional DDL.
INFO  [alembic.runtime.migration] Running upgrade  -> 4864c0fa0754, initial schema
INFO  [alembic.runtime.migration] Running upgrade 4864c0fa0754 -> 8aa99c7f2577, seed settings defaults
INFO  [alembic.runtime.migration] Running upgrade 8aa99c7f2577 -> e7b20ff388a7, applications occupancy nullable
INFO  [alembic.runtime.migration] Running upgrade e7b20ff388a7 -> 642b3bc55d31, borrower_accounts_password
INFO  [alembic.runtime.migration] Running upgrade 642b3bc55d31 -> bbd0e3150264, p3p4 foundation
INFO  [alembic.runtime.migration] Running upgrade bbd0e3150264 -> e419a34bcdbd, provider_listings county and str_permitted
INFO  [alembic.runtime.migration] Running upgrade e419a34bcdbd -> 5bd9d8620699, quote_packages recommendation_text
INFO  [alembic.runtime.migration] Running upgrade 5bd9d8620699 -> c8869567cd57, quote_packages lo_edited
INFO  [alembic.runtime.migration] Running upgrade c8869567cd57 -> d4a1c0f2e920, cq020 send tracking
=== demo-reset summary ===
elapsed: 1.1s
users seeded: 4 (2 LO, 1 Manager, 1 Admin)
personas seeded: 10
  marcus_hale: priced
  kathleen_mcreynolds: priced
  priya_nair: priced
  daniel_ortiz: priced
  sam_reed: priced
  tom_lisa_brandt: priced
  aisha_coleman: needs_attention
  ben_ford: needs_attention
  grace_kim: sent
  luis_romero: option_selected
borrower accounts seeded: 10
background applications: 200
  by status: {'intake': 28, 'verifying': 27, 'needs_attention': 24, 'ready_to_price': 31, 'stale': 12, 'priced': 53, 'sent': 25}
  by lo: {'00000000-0000-0000-0000-000000000001': 100, '0b7a05d7-a6f2-4727-8573-94e57453058c': 100}
=== done in 1.1s ===
make demo-reset  1.28s user 0.16s system 75% cpu 1.909 total
